[令牌池] 取到 submit_problem 令牌 …4e621b（年龄 15.3s，剩余可用 284.7s）
PoW难度5 求解2.3s  HTTP 201
b1: SID=151368
[令牌池] 取到 submit_problem 令牌 …aef1ec（年龄 39.2s，剩余可用 260.8s）
PoW难度5 求解1.5s  HTTP 201
b2: SID=151370
[令牌池] 取到 submit_problem 令牌 …bd02f6（年龄 0.0s，剩余可用 300.0s）
PoW难度5 求解2.7s  HTTP 201
b3: SID=151373
  retry 0 令牌池空（submit_problem）：浏览器端脚本不在线——请在 https://xpuoj.com 的标签页里运行 browser/x
[令牌池] 取到 submit_problem 令牌 …fa6f6d（年龄 0.0s，剩余可用 300.0s）
PoW难度5 求解1.3s  HTTP 201
b4: SID=151377
[令牌池] 取到 submit_problem 令牌 …baa081（年龄 26.6s，剩余可用 273.4s）
PoW难度5 求解0.8s  HTTP 201
b5: SID=151378
[令牌池] 取到 submit_problem 令牌 …e30138（年龄 50.5s，剩余可用 249.5s）
PoW难度5 求解1.5s  HTTP 201
锚: SID=151380
16:41:07 ['Acce', '-', '-', '-', '-', '-']
16:41:38 ['Acce', '-', '-', '-', '-', '-']
16:42:09 ['Acce', '-', '-', '-', '-', '-']
16:42:40 ['Acce', '-', '-', '-', '-', '-']
16:43:11 ['Acce', '-', '-', '-', '-', '-']
16:43:41 ['Acce', '-', '-', '-', '-', '-']
16:44:12 ['Acce', '-', '-', '-', '-', '-']
16:44:43 ['Acce', '-', '-', '-', '-', '-']
16:45:14 ['Acce', '-', '-', '-', '-', '-']
16:45:45 ['Acce', '-', '-', '-', '-', '-']
16:46:15 ['Acce', '-', '-', '-', '-', '-']
16:46:46 ['Acce', '-', '-', '-', '-', '-']
16:47:17 ['Acce', '-', '-', '-', '-', '-']
16:47:48 ['Acce', '-', '-', '-', '-', '-']
16:48:19 ['Acce', '-', '-', '-', '-', '-']
16:48:50 ['Acce', 'Acce', '-', '-', '-', '-']
16:49:21 ['Acce', 'Acce', '-', '-', '-', '-']
16:49:52 ['Acce', 'Acce', '-', '-', '-', '-']
16:50:23 ['Acce', 'Acce', '-', '-', '-', '-']
16:50:53 ['Acce', 'Acce', '-', '-', '-', '-']
16:51:24 ['Acce', 'Acce', '-', '-', '-', '-']
16:51:55 ['Acce', 'Acce', '-', '-', '-', '-']
16:52:26 ['Acce', 'Acce', '-', '-', '-', '-']
16:52:57 ['Acce', 'Acce', '-', '-', '-', '-']
16:53:28 ['Acce', 'Acce', '-', '-', '-', '-']
16:53:59 ['Acce', 'Acce', '-', '-', '-', '-']
16:54:30 ['Acce', 'Acce', '-', '-', '-', '-']
16:55:01 ['Acce', 'Acce', '-', '-', '-', '-']
16:55:32 ['Acce', 'Acce', 'Acce', '-', '-', '-']
16:56:03 ['Acce', 'Acce', 'Acce', '-', '-', '-']
16:56:34 ['Acce', 'Acce', 'Acce', '-', '-', '-']
16:57:05 ['Acce', 'Acce', 'Acce', '-', '-', '-']
16:57:36 ['Acce', 'Acce', 'Acce', '-', '-', '-']
16:58:07 ['Acce', 'Acce', 'Acce', '-', '-', '-']
16:58:37 ['Acce', 'Acce', 'Acce', '-', '-', '-']
16:59:08 ['Acce', 'Acce', 'Acce', '-', '-', '-']
16:59:39 ['Acce', 'Acce', 'Acce', '-', '-', '-']
17:00:10 ['Acce', 'Acce', 'Acce', '-', '-', '-']
17:00:41 ['Acce', 'Acce', 'Acce', 'Acce', '-', '-']
b1 151368 display=81.83 Σtk=28.655 SQNR最差余量+0.69dB
b2 151370 display=81.92 Σtk=28.632 SQNR最差余量+0.69dB
b3 151373 display=81.83 Σtk=28.747 SQNR最差余量+0.69dB
b4 151377 display=82 Σtk=28.839 SQNR最差余量+0.69dB
b5 151378 None  SQNR最差 99.00dB
锚 151380 None  SQNR最差 99.00dB
