2026-09-16 18:19:00 MONITOR START
2026-09-16 18:19:00 SB rank=1 user=lzyrapx total=245.15999999999997 P1=75.25/113 P2=96.33/91 P3=73.58/58
2026-09-16 18:19:00 SB rank=2 user=salt-Star total=240.25 P1=73.08/2770 P2=100.00/160 P3=67.17/1796
2026-09-16 18:19:00 SB rank=3 user=Catch22 total=239.90999999999997 P1=71.75/188 P2=95.58/70 P3=72.58/52
2026-09-16 18:19:02 SUBMIT sid=145098
2026-09-16 18:20:54 RESULT sid=145098 status=Accepted display=81.25
2026-09-16 18:30:54 SB rank=1 user=lzyrapx total=245.15999999999997 P1=75.25/113 P2=96.33/91 P3=73.58/58
2026-09-16 18:30:54 SB rank=2 user=salt-Star total=240.25 P1=73.08/2771 P2=100.00/160 P3=67.17/1797
2026-09-16 18:30:54 SB rank=3 user=Catch22 total=239.90999999999997 P1=71.75/188 P2=95.58/70 P3=72.58/52
2026-09-16 18:50:38 MONITOR START
2026-09-16 18:50:38 SB rank=1 user=lzyrapx total=245.15999999999997 P1=75.25/113 P2=96.33/91 P3=73.58/58
2026-09-16 18:50:38 SB rank=2 user=salt-Star total=240.25 P1=73.08/2775 P2=100.00/160 P3=67.17/1799
2026-09-16 18:50:38 SB rank=3 user=Catch22 total=239.90999999999997 P1=71.75/188 P2=95.58/70 P3=72.58/52
2026-09-16 18:50:40 SUBMIT sid=145111
2026-09-16 18:52:33 RESULT sid=145111 status=Accepted display=81.25
2026-09-16 19:02:33 SB rank=1 user=lzyrapx total=245.15999999999997 P1=75.25/113 P2=96.33/91 P3=73.58/58
2026-09-16 19:02:33 SB rank=2 user=salt-Star total=240.25 P1=73.08/2776 P2=100.00/160 P3=67.17/1801
2026-09-16 19:02:33 SB rank=3 user=Catch22 total=239.90999999999997 P1=71.75/188 P2=95.58/70 P3=72.58/52
2026-09-16 19:12:33 SB rank=1 user=lzyrapx total=245.15999999999997 P1=75.25/113 P2=96.33/91 P3=73.58/58
2026-09-16 19:12:33 SB rank=2 user=salt-Star total=240.25 P1=73.08/2779 P2=100.00/160 P3=67.17/1804
2026-09-16 19:12:33 SB rank=3 user=Catch22 total=239.90999999999997 P1=71.75/188 P2=95.58/70 P3=72.58/52
2026-09-16 19:22:33 SB rank=1 user=lzyrapx total=245.15999999999997 P1=75.25/115 P2=96.33/91 P3=73.58/58
2026-09-16 19:22:33 SB rank=2 user=salt-Star total=240.25 P1=73.08/2783 P2=100.00/160 P3=67.17/1806
2026-09-16 19:22:33 SB rank=3 user=Catch22 total=239.90999999999997 P1=71.75/188 P2=95.58/70 P3=72.58/52
2026-09-16 19:22:35 SUBMIT sid=145135
2026-09-16 19:24:28 RESULT sid=145135 status=Accepted display=81.17
