[令牌池] 取到 submit_problem 令牌 …f339a2（年龄 155.6s，剩余可用 144.4s）
PoW难度5 求解1.0s  HTTP 201
tiled_c9: SID=144789
[令牌池] 取到 submit_problem 令牌 …ca0028（年龄 120.6s，剩余可用 179.4s）
PoW难度5 求解0.8s  HTTP 201
锚: SID=144790
01:36:00 ['-', '-']
01:36:30 ['-', '-']
01:37:00 ['-', '-']
01:37:30 ['-', 'Acce']
01:38:00 ['-', 'Acce']
01:38:31 ['-', 'Acce']
01:39:01 ['-', 'Acce']
01:39:31 ['-', 'Acce']
01:40:01 ['-', 'Acce']
01:40:32 ['-', 'Acce']
01:41:02 ['-', 'Acce']
01:41:32 ['-', 'Acce']
01:42:02 ['Time', 'Acce']
tiled_c9 144789 TimeLimitExceeded  SQNR最差 23.12dB
    首个失败 tc0: TimeLimitExceeded [23.79, 23.12]
锚 144790 display=81.58 Σtk=29.691 SQNR最差余量+1.12dB
