[令牌池] 取到 submit_problem 令牌 …7f1686（年龄 147.8s，剩余可用 152.2s）
PoW难度5 求解1.0s  HTTP 201
tiled_c910_tma: SID=144840
[令牌池] 取到 submit_problem 令牌 …024277（年龄 49.4s，剩余可用 250.6s）
PoW难度5 求解1.0s  HTTP 201
锚: SID=144841
03:38:58 ['-', '-']
03:39:29 ['-', '-']
03:39:59 ['-', '-']
03:40:29 ['-', 'Acce']
03:40:59 ['-', 'Acce']
03:41:29 ['-', 'Acce']
03:42:00 ['-', 'Acce']
03:42:30 ['-', 'Acce']
03:43:00 ['-', 'Acce']
03:43:30 ['-', 'Acce']
03:44:01 ['-', 'Acce']
03:44:31 ['-', 'Acce']
03:45:01 ['-', 'Acce']
03:45:32 ['Time', 'Acce']
tiled_c910_tma 144840 TimeLimitExceeded  SQNR最差 23.12dB
    首个失败 tc0: TimeLimitExceeded [23.79, 23.12]
锚 144841 display=81.25 Σtk=30.244 SQNR最差余量+1.12dB
