[令牌池] 取到 submit_problem 令牌 …6fdfbb（年龄 93.2s，剩余可用 206.8s）
PoW难度5 求解1.4s  HTTP 201
dn_gm4_c2: SID=144904
[令牌池] 取到 submit_problem 令牌 …1d8a92（年龄 114.8s，剩余可用 185.2s）
PoW难度5 求解1.0s  HTTP 201
dn_gm8_c2: SID=144905
[令牌池] 取到 submit_problem 令牌 …c80909（年龄 53.6s，剩余可用 246.4s）
PoW难度5 求解1.1s  HTTP 201
锚: SID=144906
09:58:15 ['-', '-', '-']
09:58:46 ['Acce', '-', '-']
09:59:16 ['Acce', '-', '-']
09:59:47 ['Acce', '-', '-']
10:00:17 ['Acce', '-', '-']
10:00:47 ['Acce', 'Acce', 'Acce']
dn_gm4_c2 144904 display=81.5 Σtk=29.519 SQNR最差余量+1.12dB
dn_gm8_c2 144905 display=81.25 Σtk=30.241 SQNR最差余量+1.12dB
锚 144906 display=81.42 Σtk=29.662 SQNR最差余量+1.12dB
dn_gm4_c2: 机器项-0.26%  净残差 c2-0.10   ⇒ raw +0.001
dn_gm8_c2: 机器项+1.26%  净残差 c2-0.12   ⇒ raw +0.002
