[令牌池] 取到 submit_problem 令牌 …97013f（年龄 36.6s，剩余可用 263.4s）
PoW难度5 求解1.2s  HTTP 201
md_gm16_c38: SID=144908
[令牌池] 取到 submit_problem 令牌 …588389（年龄 41.1s，剩余可用 258.9s）
PoW难度5 求解0.8s  HTTP 201
md_gm8_c38: SID=144909
[令牌池] 取到 submit_problem 令牌 …035e2a（年龄 56.8s，剩余可用 243.2s）
PoW难度5 求解1.6s  HTTP 201
锚: SID=144910
10:03:55 ['-', '-', '-']
10:04:25 ['-', '-', '-']
10:04:56 ['-', '-', '-']
10:05:26 ['Acce', '-', '-']
10:05:57 ['Acce', 'Acce', '-']
10:06:27 ['Acce', 'Acce', '-']
10:06:58 ['Acce', 'Acce', '-']
10:07:28 ['Acce', 'Acce', 'Acce']
md_gm16_c38 144908 display=81.33 Σtk=30.215 SQNR最差余量+1.12dB
md_gm8_c38 144909 display=81.42 Σtk=29.600 SQNR最差余量+1.12dB
锚 144910 display=81.17 Σtk=30.171 SQNR最差余量+1.12dB
md_gm16_c38: 机器项+0.11%  净残差 c3+0.60 c4-0.69 c5+0.17 c6-0.07 c7+0.21 c8-0.38   ⇒ raw +0.000
md_gm8_c38: 机器项-1.33%  净残差 c3+0.60 c4+0.24 c5+0.12 c6-0.61 c7+0.22 c8-1.30   ⇒ raw +0.007
